---
source: crates/core/tests/approved_test.rs
expression: extracted
input_file: crates/core/tests/testdata/html/news_article.input.html
---
{
  "title": "Global Markets Rally Amid Tech Sector Growth - Daily News",
  "sections": [
    {
      "kind": "heading",
      "text": "Global Markets Rally Amid Tech Sector Growth",
      "depth": 1,
      "selector": "h1"
    },
    {
      "kind": "paragraph",
      "text": "Updated April 9, 2026",
      "depth": null,
      "selector": "text"
    },
    {
      "kind": "link",
      "text": "Share on Twitter (#twitter)",
      "depth": null,
      "selector": "a"
    },
    {
      "kind": "link",
      "text": "Share on Facebook (#facebook)",
      "depth": null,
      "selector": "a"
    },
    {
      "kind": "paragraph",
      "text": "[Image: A green arrow pointing up overlaid on a stock ticker]",
      "depth": null,
      "selector": "img"
    },
    {
      "kind": "heading",
      "text": "[figcaption: Tech stocks led the charge in early morning trading. (Photo: Getty Images)]",
      "depth": null,
      "selector": "figcaption"
    },
    {
      "kind": "paragraph",
      "text": "NEW YORK — Markets worldwide saw a significant boost on Thursday, driven largely by stronger-than-expected earnings reports from major technology firms.",
      "depth": null,
      "selector": "p"
    },
    {
      "kind": "paragraph",
      "text": "The S&P 500 rose 1.2%, while the Nasdaq Composite surged 1.8%, hitting a new all-time high.",
      "depth": null,
      "selector": "p"
    },
    {
      "kind": "heading",
      "text": "Get the Morning Briefing",
      "depth": 3,
      "selector": "h3"
    },
    {
      "kind": "paragraph",
      "text": "Sign up to get the latest news delivered to your inbox.",
      "depth": null,
      "selector": "p"
    },
    {
      "kind": "paragraph",
      "text": "[Form Start]",
      "depth": null,
      "selector": "form"
    },
    {
      "kind": "paragraph",
      "text": "[Form Element: input placeholder=\"Email address\"]",
      "depth": null,
      "selector": "input"
    },
    {
      "kind": "paragraph",
      "text": "[Button: Subscribe]",
      "depth": null,
      "selector": "button"
    },
    {
      "kind": "paragraph",
      "text": "\"Investors are realizing that the AI boom is not just a trend, but a fundamental shift in capital expenditure,\" said John Smith, chief analyst at Financial Group.",
      "depth": null,
      "selector": "p"
    },
    {
      "kind": "heading",
      "text": "Impact on European Markets",
      "depth": 3,
      "selector": "h3"
    },
    {
      "kind": "paragraph",
      "text": "Across the Atlantic, the FTSE 100 closed 0.9% higher, bolstered by tech companies listed in London.",
      "depth": null,
      "selector": "p"
    },
    {
      "kind": "paragraph",
      "text": "You have reached your limit of 5 free articles this month.",
      "depth": null,
      "selector": "p"
    },
    {
      "kind": "paragraph",
      "text": "[Button: Subscribe Now for $1/week]",
      "depth": null,
      "selector": "button"
    },
    {
      "kind": "heading",
      "text": "Read Next",
      "depth": 3,
      "selector": "h3"
    },
    {
      "kind": "list",
      "text": "- Federal Reserve Signals Rate Cuts\n- Housing Market Shows Signs of Cooling",
      "depth": null,
      "selector": "ul"
    }
  ],
  "metadata": {
    "og_title": null,
    "og_description": null,
    "lang": "en",
    "canonical_url": null
  }
}
