---
source: crates/core/tests/approved_test.rs
expression: extracted
input_file: crates/core/tests/testdata/html/vue_app.input.html
---
{
  "title": "Vue 3 Dashboard",
  "sections": [
    {
      "kind": "link",
      "text": "Dashboard (/dashboard)",
      "depth": null,
      "selector": "a"
    },
    {
      "kind": "link",
      "text": "Settings (/settings)",
      "depth": null,
      "selector": "a"
    },
    {
      "kind": "heading",
      "text": "Analytics Overview",
      "depth": 1,
      "selector": "h1"
    },
    {
      "kind": "paragraph",
      "text": "[Image: Admin user]",
      "depth": null,
      "selector": "img"
    },
    {
      "kind": "heading",
      "text": "Total Users",
      "depth": 3,
      "selector": "h3"
    },
    {
      "kind": "paragraph",
      "text": "14,203",
      "depth": null,
      "selector": "p"
    },
    {
      "kind": "heading",
      "text": "Revenue",
      "depth": 3,
      "selector": "h3"
    },
    {
      "kind": "paragraph",
      "text": "$45,000",
      "depth": null,
      "selector": "p"
    },
    {
      "kind": "heading",
      "text": "Monthly Growth",
      "depth": 2,
      "selector": "h2"
    },
    {
      "kind": "paragraph",
      "text": "We use cookies. Deal with it.",
      "depth": null,
      "selector": "p"
    },
    {
      "kind": "paragraph",
      "text": "[Button: Accept All]",
      "depth": null,
      "selector": "button"
    }
  ],
  "metadata": {
    "og_title": null,
    "og_description": null,
    "lang": "en",
    "canonical_url": null
  }
}
