---
source: crates/core/tests/approved_test.rs
expression: extracted
input_file: crates/core/tests/testdata/html/noisy_classes.input.html
---
{
  "title": "Noisy Page",
  "sections": [
    {
      "kind": "paragraph",
      "text": "Buy this product now!",
      "depth": null,
      "selector": "p"
    },
    {
      "kind": "heading",
      "text": "Important Content",
      "depth": 1,
      "selector": "h1"
    },
    {
      "kind": "paragraph",
      "text": "This paragraph should be extracted.",
      "depth": null,
      "selector": "p"
    },
    {
      "kind": "paragraph",
      "text": "[Button: Share on Facebook]",
      "depth": null,
      "selector": "button"
    },
    {
      "kind": "paragraph",
      "text": "[Button: Share on Twitter]",
      "depth": null,
      "selector": "button"
    },
    {
      "kind": "paragraph",
      "text": "This second paragraph should also be extracted.",
      "depth": null,
      "selector": "p"
    },
    {
      "kind": "heading",
      "text": "Menu",
      "depth": 3,
      "selector": "h3"
    },
    {
      "kind": "list",
      "text": "- Link 1\n- Link 2",
      "depth": null,
      "selector": "ul"
    },
    {
      "kind": "paragraph",
      "text": "We use cookies to improve your experience.",
      "depth": null,
      "selector": "p"
    },
    {
      "kind": "paragraph",
      "text": "[Button: Accept]",
      "depth": null,
      "selector": "button"
    }
  ],
  "metadata": {
    "og_title": null,
    "og_description": null,
    "lang": null,
    "canonical_url": null
  }
}
