---
source: crates/core/tests/approved_test.rs
expression: extracted
input_file: crates/core/tests/testdata/html/definition_list.input.html
---
{
  "title": "",
  "sections": [
    {
      "kind": "heading",
      "text": "Glossary",
      "depth": 2,
      "selector": "h2"
    },
    {
      "kind": "list",
      "text": "- **HTML**\n  HyperText Markup Language\n- **CSS**\n  Cascading Style Sheets\n- **JS**\n  JavaScript",
      "depth": null,
      "selector": "dl"
    }
  ],
  "metadata": {
    "og_title": null,
    "og_description": null,
    "lang": null,
    "canonical_url": null
  }
}
